17:10:42 **** Incremental Build of configuration Debug for project Blink_External_LED_and_Onboard_LED ****
make -j12 all 
arm-none-eabi-gcc "../Core/Src/main.c" -mcpu=cortex-m4 -std=gnu11 -g3 -DDEBUG -DUSE_HAL_DRIVER -DSTM32F411xE -c -I../Core/Inc -I../Drivers/STM32F4xx_HAL_Driver/Inc -I../Drivers/STM32F4xx_HAL_Driver/Inc/Legacy -I../Drivers/CMSIS/Device/ST/STM32F4xx/Include -I../Drivers/CMSIS/Include -O0 -ffunction-sections -fdata-sections -Wall -fstack-usage -fcyclomatic-complexity -MMD -MP -MF"Core/Src/main.d" -MT"Core/Src/main.o" --specs=nano.specs -mfpu=fpv4-sp-d16 -mfloat-abi=hard -mthumb -o "Core/Src/main.o"
arm-none-eabi-gcc -o "Blink_External_LED_and_Onboard_LED.elf" @"objects.list"   -mcpu=cortex-m4 -T"D:\CDAC\STM32_Practice\GPIO\Blink_External_LED_and_Onboard_LED\STM32F411RETX_FLASH.ld" --specs=nosys.specs -Wl,-Map="Blink_External_LED_and_Onboard_LED.map" -Wl,--gc-sections -static --specs=nano.specs -mfpu=fpv4-sp-d16 -mfloat-abi=hard -mthumb -Wl,--start-group -lc -lm -Wl,--end-group
Finished building target: Blink_External_LED_and_Onboard_LED.elf
 
arm-none-eabi-size  Blink_External_LED_and_Onboard_LED.elf 
arm-none-eabi-objdump -h -S Blink_External_LED_and_Onboard_LED.elf  > "Blink_External_LED_and_Onboard_LED.list"
   text	   data	    bss	    dec	    hex	filename
   6192	     12	   1572	   7776	   1e60	Blink_External_LED_and_Onboard_LED.elf
Finished building: default.size.stdout
 
Finished building: Blink_External_LED_and_Onboard_LED.list
 

17:10:43 Build Finished. 0 errors, 0 warnings. (took 1s.22ms)

