13:37:00 **** Incremental Build of configuration Debug for project Dim_LED_0to100_100to0 ****
make -j12 all 
arm-none-eabi-gcc "../Core/Src/main.c" -mcpu=cortex-m4 -std=gnu11 -g3 -DDEBUG -DUSE_HAL_DRIVER -DSTM32F411xE -c -I../Core/Inc -I../Drivers/STM32F4xx_HAL_Driver/Inc -I../Drivers/STM32F4xx_HAL_Driver/Inc/Legacy -I../Drivers/CMSIS/Device/ST/STM32F4xx/Include -I../Drivers/CMSIS/Include -O0 -ffunction-sections -fdata-sections -Wall -fstack-usage -fcyclomatic-complexity -MMD -MP -MF"Core/Src/main.d" -MT"Core/Src/main.o" --specs=nano.specs -mfpu=fpv4-sp-d16 -mfloat-abi=hard -mthumb -o "Core/Src/main.o"
arm-none-eabi-gcc -o "Dim_LED_0to100_100to0.elf" @"objects.list"   -mcpu=cortex-m4 -T"D:\CDAC\STM32_Practice\TIMERS\Dim_LED_0to100_100to0\STM32F411RETX_FLASH.ld" --specs=nosys.specs -Wl,-Map="Dim_LED_0to100_100to0.map" -Wl,--gc-sections -static --specs=nano.specs -mfpu=fpv4-sp-d16 -mfloat-abi=hard -mthumb -Wl,--start-group -lc -lm -Wl,--end-group
Finished building target: Dim_LED_0to100_100to0.elf
 
arm-none-eabi-size  Dim_LED_0to100_100to0.elf 
arm-none-eabi-objdump -h -S Dim_LED_0to100_100to0.elf  > "Dim_LED_0to100_100to0.list"
   text	   data	    bss	    dec	    hex	filename
   9472	     12	   1644	  11128	   2b78	Dim_LED_0to100_100to0.elf
Finished building: default.size.stdout
 
Finished building: Dim_LED_0to100_100to0.list
 

13:37:01 Build Finished. 0 errors, 0 warnings. (took 937ms)

