14:32:53 **** Incremental Build of configuration Debug for project RTC_BUZZER ****
make -j12 all 
arm-none-eabi-gcc "../Core/Src/main.c" -mcpu=cortex-m4 -std=gnu11 -g3 -DDEBUG -DUSE_HAL_DRIVER -DSTM32F411xE -c -I../Core/Inc -I../Drivers/STM32F4xx_HAL_Driver/Inc -I../Drivers/STM32F4xx_HAL_Driver/Inc/Legacy -I../Drivers/CMSIS/Device/ST/STM32F4xx/Include -I../Drivers/CMSIS/Include -O0 -ffunction-sections -fdata-sections -Wall -fstack-usage -fcyclomatic-complexity -MMD -MP -MF"Core/Src/main.d" -MT"Core/Src/main.o" --specs=nano.specs -mfpu=fpv4-sp-d16 -mfloat-abi=hard -mthumb -o "Core/Src/main.o"
arm-none-eabi-gcc -o "RTC_BUZZER.elf" @"objects.list"   -mcpu=cortex-m4 -T"D:\CDAC\STM32_Practice\TIMERS\RTC_BUZZER\STM32F411RETX_FLASH.ld" --specs=nosys.specs -Wl,-Map="RTC_BUZZER.map" -Wl,--gc-sections -static --specs=nano.specs -mfpu=fpv4-sp-d16 -mfloat-abi=hard -mthumb -Wl,--start-group -lc -lm -Wl,--end-group
Finished building target: RTC_BUZZER.elf
 
arm-none-eabi-size  RTC_BUZZER.elf 
arm-none-eabi-objdump -h -S RTC_BUZZER.elf  > "RTC_BUZZER.list"
   text	   data	    bss	    dec	    hex	filename
  11732	     12	   1676	  13420	   346c	RTC_BUZZER.elf
Finished building: default.size.stdout
 
Finished building: RTC_BUZZER.list
 
14:32:58 **** Incremental Build of configuration Debug for project RTC_BUZZER ****
make -j12 all 
arm-none-eabi-size  RTC_BUZZER.elf 
   text	   data	    bss	    dec	    hex	filename
  11732	     12	   1676	  13420	   346c	RTC_BUZZER.elf
Finished building: default.size.stdout
 
13:22:52 **** Incremental Build of configuration Debug for project RTC_BUZZER ****
make -j12 all 
arm-none-eabi-gcc "../Core/Src/main.c" -mcpu=cortex-m4 -std=gnu11 -g3 -DDEBUG -DUSE_HAL_DRIVER -DSTM32F411xE -c -I../Core/Inc -I../Drivers/STM32F4xx_HAL_Driver/Inc -I../Drivers/STM32F4xx_HAL_Driver/Inc/Legacy -I../Drivers/CMSIS/Device/ST/STM32F4xx/Include -I../Drivers/CMSIS/Include -O0 -ffunction-sections -fdata-sections -Wall -fstack-usage -fcyclomatic-complexity -MMD -MP -MF"Core/Src/main.d" -MT"Core/Src/main.o" --specs=nano.specs -mfpu=fpv4-sp-d16 -mfloat-abi=hard -mthumb -o "Core/Src/main.o"
arm-none-eabi-gcc "../Core/Src/stm32f4xx_hal_msp.c" -mcpu=cortex-m4 -std=gnu11 -g3 -DDEBUG -DUSE_HAL_DRIVER -DSTM32F411xE -c -I../Core/Inc -I../Drivers/STM32F4xx_HAL_Driver/Inc -I../Drivers/STM32F4xx_HAL_Driver/Inc/Legacy -I../Drivers/CMSIS/Device/ST/STM32F4xx/Include -I../Drivers/CMSIS/Include -O0 -ffunction-sections -fdata-sections -Wall -fstack-usage -fcyclomatic-complexity -MMD -MP -MF"Core/Src/stm32f4xx_hal_msp.d" -MT"Core/Src/stm32f4xx_hal_msp.o" --specs=nano.specs -mfpu=fpv4-sp-d16 -mfloat-abi=hard -mthumb -o "Core/Src/stm32f4xx_hal_msp.o"
arm-none-eabi-gcc "../Core/Src/stm32f4xx_it.c" -mcpu=cortex-m4 -std=gnu11 -g3 -DDEBUG -DUSE_HAL_DRIVER -DSTM32F411xE -c -I../Core/Inc -I../Drivers/STM32F4xx_HAL_Driver/Inc -I../Drivers/STM32F4xx_HAL_Driver/Inc/Legacy -I../Drivers/CMSIS/Device/ST/STM32F4xx/Include -I../Drivers/CMSIS/Include -O0 -ffunction-sections -fdata-sections -Wall -fstack-usage -fcyclomatic-complexity -MMD -MP -MF"Core/Src/stm32f4xx_it.d" -MT"Core/Src/stm32f4xx_it.o" --specs=nano.specs -mfpu=fpv4-sp-d16 -mfloat-abi=hard -mthumb -o "Core/Src/stm32f4xx_it.o"
arm-none-eabi-gcc -o "RTC_BUZZER.elf" @"objects.list"   -mcpu=cortex-m4 -T"D:\CDAC\STM32_Practice\TIMERS\RTC_BUZZER\STM32F411RETX_FLASH.ld" --specs=nosys.specs -Wl,-Map="RTC_BUZZER.map" -Wl,--gc-sections -static --specs=nano.specs -mfpu=fpv4-sp-d16 -mfloat-abi=hard -mthumb -Wl,--start-group -lc -lm -Wl,--end-group
Finished building target: RTC_BUZZER.elf
 
arm-none-eabi-size  RTC_BUZZER.elf 
arm-none-eabi-objdump -h -S RTC_BUZZER.elf  > "RTC_BUZZER.list"
   text	   data	    bss	    dec	    hex	filename
  11408	     12	   1676	  13096	   3328	RTC_BUZZER.elf
Finished building: default.size.stdout
 
Finished building: RTC_BUZZER.list
 
13:23:35 **** Incremental Build of configuration Debug for project RTC_BUZZER ****
make -j12 all 
arm-none-eabi-gcc "../Core/Src/main.c" -mcpu=cortex-m4 -std=gnu11 -g3 -DDEBUG -DUSE_HAL_DRIVER -DSTM32F411xE -c -I../Core/Inc -I../Drivers/STM32F4xx_HAL_Driver/Inc -I../Drivers/STM32F4xx_HAL_Driver/Inc/Legacy -I../Drivers/CMSIS/Device/ST/STM32F4xx/Include -I../Drivers/CMSIS/Include -O0 -ffunction-sections -fdata-sections -Wall -fstack-usage -fcyclomatic-complexity -MMD -MP -MF"Core/Src/main.d" -MT"Core/Src/main.o" --specs=nano.specs -mfpu=fpv4-sp-d16 -mfloat-abi=hard -mthumb -o "Core/Src/main.o"
arm-none-eabi-gcc -o "RTC_BUZZER.elf" @"objects.list"   -mcpu=cortex-m4 -T"D:\CDAC\STM32_Practice\TIMERS\RTC_BUZZER\STM32F411RETX_FLASH.ld" --specs=nosys.specs -Wl,-Map="RTC_BUZZER.map" -Wl,--gc-sections -static --specs=nano.specs -mfpu=fpv4-sp-d16 -mfloat-abi=hard -mthumb -Wl,--start-group -lc -lm -Wl,--end-group
Finished building target: RTC_BUZZER.elf
 
arm-none-eabi-size  RTC_BUZZER.elf 
arm-none-eabi-objdump -h -S RTC_BUZZER.elf  > "RTC_BUZZER.list"
   text	   data	    bss	    dec	    hex	filename
  11408	     12	   1676	  13096	   3328	RTC_BUZZER.elf
Finished building: default.size.stdout
 
Finished building: RTC_BUZZER.list
 
13:25:42 **** Incremental Build of configuration Debug for project Dim_LED_0to100_100to0 ****
make -j12 all 
arm-none-eabi-gcc "../Core/Src/main.c" -mcpu=cortex-m4 -std=gnu11 -g3 -DDEBUG -DUSE_HAL_DRIVER -DSTM32F411xE -c -I../Core/Inc -I../Drivers/STM32F4xx_HAL_Driver/Inc -I../Drivers/STM32F4xx_HAL_Driver/Inc/Legacy -I../Drivers/CMSIS/Device/ST/STM32F4xx/Include -I../Drivers/CMSIS/Include -O0 -ffunction-sections -fdata-sections -Wall -fstack-usage -fcyclomatic-complexity -MMD -MP -MF"Core/Src/main.d" -MT"Core/Src/main.o" --specs=nano.specs -mfpu=fpv4-sp-d16 -mfloat-abi=hard -mthumb -o "Core/Src/main.o"
arm-none-eabi-gcc -o "Dim_LED_0to100_100to0.elf" @"objects.list"   -mcpu=cortex-m4 -T"D:\CDAC\STM32_Practice\TIMERS\Dim_LED_0to100_100to0\STM32F411RETX_FLASH.ld" --specs=nosys.specs -Wl,-Map="Dim_LED_0to100_100to0.map" -Wl,--gc-sections -static --specs=nano.specs -mfpu=fpv4-sp-d16 -mfloat-abi=hard -mthumb -Wl,--start-group -lc -lm -Wl,--end-group
Finished building target: Dim_LED_0to100_100to0.elf
 
arm-none-eabi-size  Dim_LED_0to100_100to0.elf 
arm-none-eabi-objdump -h -S Dim_LED_0to100_100to0.elf  > "Dim_LED_0to100_100to0.list"
   text	   data	    bss	    dec	    hex	filename
   9480	     12	   1644	  11136	   2b80	Dim_LED_0to100_100to0.elf
Finished building: default.size.stdout
 
Finished building: Dim_LED_0to100_100to0.list
 
13:26:03 **** Incremental Build of configuration Debug for project Dim_LED_0to100_100to0 ****
make -j12 all 
arm-none-eabi-gcc "../Core/Src/main.c" -mcpu=cortex-m4 -std=gnu11 -g3 -DDEBUG -DUSE_HAL_DRIVER -DSTM32F411xE -c -I../Core/Inc -I../Drivers/STM32F4xx_HAL_Driver/Inc -I../Drivers/STM32F4xx_HAL_Driver/Inc/Legacy -I../Drivers/CMSIS/Device/ST/STM32F4xx/Include -I../Drivers/CMSIS/Include -O0 -ffunction-sections -fdata-sections -Wall -fstack-usage -fcyclomatic-complexity -MMD -MP -MF"Core/Src/main.d" -MT"Core/Src/main.o" --specs=nano.specs -mfpu=fpv4-sp-d16 -mfloat-abi=hard -mthumb -o "Core/Src/main.o"
arm-none-eabi-gcc -o "Dim_LED_0to100_100to0.elf" @"objects.list"   -mcpu=cortex-m4 -T"D:\CDAC\STM32_Practice\TIMERS\Dim_LED_0to100_100to0\STM32F411RETX_FLASH.ld" --specs=nosys.specs -Wl,-Map="Dim_LED_0to100_100to0.map" -Wl,--gc-sections -static --specs=nano.specs -mfpu=fpv4-sp-d16 -mfloat-abi=hard -mthumb -Wl,--start-group -lc -lm -Wl,--end-group
Finished building target: Dim_LED_0to100_100to0.elf
 
arm-none-eabi-size  Dim_LED_0to100_100to0.elf 
arm-none-eabi-objdump -h -S Dim_LED_0to100_100to0.elf  > "Dim_LED_0to100_100to0.list"
   text	   data	    bss	    dec	    hex	filename
   9484	     12	   1644	  11140	   2b84	Dim_LED_0to100_100to0.elf
Finished building: default.size.stdout
 
Finished building: Dim_LED_0to100_100to0.list
 
13:32:05 **** Incremental Build of configuration Debug for project Dim_LED_0to100_100to0 ****
make -j12 all 
arm-none-eabi-gcc "../Core/Src/main.c" -mcpu=cortex-m4 -std=gnu11 -g3 -DDEBUG -DUSE_HAL_DRIVER -DSTM32F411xE -c -I../Core/Inc -I../Drivers/STM32F4xx_HAL_Driver/Inc -I../Drivers/STM32F4xx_HAL_Driver/Inc/Legacy -I../Drivers/CMSIS/Device/ST/STM32F4xx/Include -I../Drivers/CMSIS/Include -O0 -ffunction-sections -fdata-sections -Wall -fstack-usage -fcyclomatic-complexity -MMD -MP -MF"Core/Src/main.d" -MT"Core/Src/main.o" --specs=nano.specs -mfpu=fpv4-sp-d16 -mfloat-abi=hard -mthumb -o "Core/Src/main.o"
arm-none-eabi-gcc -o "Dim_LED_0to100_100to0.elf" @"objects.list"   -mcpu=cortex-m4 -T"D:\CDAC\STM32_Practice\TIMERS\Dim_LED_0to100_100to0\STM32F411RETX_FLASH.ld" --specs=nosys.specs -Wl,-Map="Dim_LED_0to100_100to0.map" -Wl,--gc-sections -static --specs=nano.specs -mfpu=fpv4-sp-d16 -mfloat-abi=hard -mthumb -Wl,--start-group -lc -lm -Wl,--end-group
Finished building target: Dim_LED_0to100_100to0.elf
 
arm-none-eabi-size  Dim_LED_0to100_100to0.elf 
arm-none-eabi-objdump -h -S Dim_LED_0to100_100to0.elf  > "Dim_LED_0to100_100to0.list"
   text	   data	    bss	    dec	    hex	filename
   9472	     12	   1644	  11128	   2b78	Dim_LED_0to100_100to0.elf
Finished building: default.size.stdout
 
Finished building: Dim_LED_0to100_100to0.list
 
13:33:22 **** Incremental Build of configuration Debug for project Dim_LED_0to100_100to0 ****
make -j12 all 
arm-none-eabi-gcc "../Core/Src/main.c" -mcpu=cortex-m4 -std=gnu11 -g3 -DDEBUG -DUSE_HAL_DRIVER -DSTM32F411xE -c -I../Core/Inc -I../Drivers/STM32F4xx_HAL_Driver/Inc -I../Drivers/STM32F4xx_HAL_Driver/Inc/Legacy -I../Drivers/CMSIS/Device/ST/STM32F4xx/Include -I../Drivers/CMSIS/Include -O0 -ffunction-sections -fdata-sections -Wall -fstack-usage -fcyclomatic-complexity -MMD -MP -MF"Core/Src/main.d" -MT"Core/Src/main.o" --specs=nano.specs -mfpu=fpv4-sp-d16 -mfloat-abi=hard -mthumb -o "Core/Src/main.o"
arm-none-eabi-gcc -o "Dim_LED_0to100_100to0.elf" @"objects.list"   -mcpu=cortex-m4 -T"D:\CDAC\STM32_Practice\TIMERS\Dim_LED_0to100_100to0\STM32F411RETX_FLASH.ld" --specs=nosys.specs -Wl,-Map="Dim_LED_0to100_100to0.map" -Wl,--gc-sections -static --specs=nano.specs -mfpu=fpv4-sp-d16 -mfloat-abi=hard -mthumb -Wl,--start-group -lc -lm -Wl,--end-group
Finished building target: Dim_LED_0to100_100to0.elf
 
arm-none-eabi-size  Dim_LED_0to100_100to0.elf 
arm-none-eabi-objdump -h -S Dim_LED_0to100_100to0.elf  > "Dim_LED_0to100_100to0.list"
   text	   data	    bss	    dec	    hex	filename
   9480	     12	   1644	  11136	   2b80	Dim_LED_0to100_100to0.elf
Finished building: default.size.stdout
 
Finished building: Dim_LED_0to100_100to0.list
 
13:34:11 **** Incremental Build of configuration Debug for project Dim_LED_0to100_100to0 ****
make -j12 all 
arm-none-eabi-gcc "../Core/Src/main.c" -mcpu=cortex-m4 -std=gnu11 -g3 -DDEBUG -DUSE_HAL_DRIVER -DSTM32F411xE -c -I../Core/Inc -I../Drivers/STM32F4xx_HAL_Driver/Inc -I../Drivers/STM32F4xx_HAL_Driver/Inc/Legacy -I../Drivers/CMSIS/Device/ST/STM32F4xx/Include -I../Drivers/CMSIS/Include -O0 -ffunction-sections -fdata-sections -Wall -fstack-usage -fcyclomatic-complexity -MMD -MP -MF"Core/Src/main.d" -MT"Core/Src/main.o" --specs=nano.specs -mfpu=fpv4-sp-d16 -mfloat-abi=hard -mthumb -o "Core/Src/main.o"
arm-none-eabi-gcc -o "Dim_LED_0to100_100to0.elf" @"objects.list"   -mcpu=cortex-m4 -T"D:\CDAC\STM32_Practice\TIMERS\Dim_LED_0to100_100to0\STM32F411RETX_FLASH.ld" --specs=nosys.specs -Wl,-Map="Dim_LED_0to100_100to0.map" -Wl,--gc-sections -static --specs=nano.specs -mfpu=fpv4-sp-d16 -mfloat-abi=hard -mthumb -Wl,--start-group -lc -lm -Wl,--end-group
Finished building target: Dim_LED_0to100_100to0.elf
 
arm-none-eabi-size  Dim_LED_0to100_100to0.elf 
arm-none-eabi-objdump -h -S Dim_LED_0to100_100to0.elf  > "Dim_LED_0to100_100to0.list"
   text	   data	    bss	    dec	    hex	filename
   9484	     12	   1644	  11140	   2b84	Dim_LED_0to100_100to0.elf
Finished building: default.size.stdout
 
Finished building: Dim_LED_0to100_100to0.list
 
13:35:27 **** Incremental Build of configuration Debug for project Dim_LED_0to100_100to0 ****
make -j12 all 
arm-none-eabi-gcc "../Core/Src/main.c" -mcpu=cortex-m4 -std=gnu11 -g3 -DDEBUG -DUSE_HAL_DRIVER -DSTM32F411xE -c -I../Core/Inc -I../Drivers/STM32F4xx_HAL_Driver/Inc -I../Drivers/STM32F4xx_HAL_Driver/Inc/Legacy -I../Drivers/CMSIS/Device/ST/STM32F4xx/Include -I../Drivers/CMSIS/Include -O0 -ffunction-sections -fdata-sections -Wall -fstack-usage -fcyclomatic-complexity -MMD -MP -MF"Core/Src/main.d" -MT"Core/Src/main.o" --specs=nano.specs -mfpu=fpv4-sp-d16 -mfloat-abi=hard -mthumb -o "Core/Src/main.o"
arm-none-eabi-gcc -o "Dim_LED_0to100_100to0.elf" @"objects.list"   -mcpu=cortex-m4 -T"D:\CDAC\STM32_Practice\TIMERS\Dim_LED_0to100_100to0\STM32F411RETX_FLASH.ld" --specs=nosys.specs -Wl,-Map="Dim_LED_0to100_100to0.map" -Wl,--gc-sections -static --specs=nano.specs -mfpu=fpv4-sp-d16 -mfloat-abi=hard -mthumb -Wl,--start-group -lc -lm -Wl,--end-group
Finished building target: Dim_LED_0to100_100to0.elf
 
arm-none-eabi-size  Dim_LED_0to100_100to0.elf 
arm-none-eabi-objdump -h -S Dim_LED_0to100_100to0.elf  > "Dim_LED_0to100_100to0.list"
   text	   data	    bss	    dec	    hex	filename
   9480	     12	   1644	  11136	   2b80	Dim_LED_0to100_100to0.elf
Finished building: default.size.stdout
 
Finished building: Dim_LED_0to100_100to0.list
 
13:37:00 **** Incremental Build of configuration Debug for project Dim_LED_0to100_100to0 ****
make -j12 all 
arm-none-eabi-gcc "../Core/Src/main.c" -mcpu=cortex-m4 -std=gnu11 -g3 -DDEBUG -DUSE_HAL_DRIVER -DSTM32F411xE -c -I../Core/Inc -I../Drivers/STM32F4xx_HAL_Driver/Inc -I../Drivers/STM32F4xx_HAL_Driver/Inc/Legacy -I../Drivers/CMSIS/Device/ST/STM32F4xx/Include -I../Drivers/CMSIS/Include -O0 -ffunction-sections -fdata-sections -Wall -fstack-usage -fcyclomatic-complexity -MMD -MP -MF"Core/Src/main.d" -MT"Core/Src/main.o" --specs=nano.specs -mfpu=fpv4-sp-d16 -mfloat-abi=hard -mthumb -o "Core/Src/main.o"
arm-none-eabi-gcc -o "Dim_LED_0to100_100to0.elf" @"objects.list"   -mcpu=cortex-m4 -T"D:\CDAC\STM32_Practice\TIMERS\Dim_LED_0to100_100to0\STM32F411RETX_FLASH.ld" --specs=nosys.specs -Wl,-Map="Dim_LED_0to100_100to0.map" -Wl,--gc-sections -static --specs=nano.specs -mfpu=fpv4-sp-d16 -mfloat-abi=hard -mthumb -Wl,--start-group -lc -lm -Wl,--end-group
Finished building target: Dim_LED_0to100_100to0.elf
 
arm-none-eabi-size  Dim_LED_0to100_100to0.elf 
arm-none-eabi-objdump -h -S Dim_LED_0to100_100to0.elf  > "Dim_LED_0to100_100to0.list"
   text	   data	    bss	    dec	    hex	filename
   9472	     12	   1644	  11128	   2b78	Dim_LED_0to100_100to0.elf
Finished building: default.size.stdout
 
Finished building: Dim_LED_0to100_100to0.list
 
