13:23:35 **** Incremental Build of configuration Debug for project RTC_BUZZER ****
make -j12 all 
arm-none-eabi-gcc "../Core/Src/main.c" -mcpu=cortex-m4 -std=gnu11 -g3 -DDEBUG -DUSE_HAL_DRIVER -DSTM32F411xE -c -I../Core/Inc -I../Drivers/STM32F4xx_HAL_Driver/Inc -I../Drivers/STM32F4xx_HAL_Driver/Inc/Legacy -I../Drivers/CMSIS/Device/ST/STM32F4xx/Include -I../Drivers/CMSIS/Include -O0 -ffunction-sections -fdata-sections -Wall -fstack-usage -fcyclomatic-complexity -MMD -MP -MF"Core/Src/main.d" -MT"Core/Src/main.o" --specs=nano.specs -mfpu=fpv4-sp-d16 -mfloat-abi=hard -mthumb -o "Core/Src/main.o"
arm-none-eabi-gcc -o "RTC_BUZZER.elf" @"objects.list"   -mcpu=cortex-m4 -T"D:\CDAC\STM32_Practice\TIMERS\RTC_BUZZER\STM32F411RETX_FLASH.ld" --specs=nosys.specs -Wl,-Map="RTC_BUZZER.map" -Wl,--gc-sections -static --specs=nano.specs -mfpu=fpv4-sp-d16 -mfloat-abi=hard -mthumb -Wl,--start-group -lc -lm -Wl,--end-group
Finished building target: RTC_BUZZER.elf
 
arm-none-eabi-size  RTC_BUZZER.elf 
arm-none-eabi-objdump -h -S RTC_BUZZER.elf  > "RTC_BUZZER.list"
   text	   data	    bss	    dec	    hex	filename
  11408	     12	   1676	  13096	   3328	RTC_BUZZER.elf
Finished building: default.size.stdout
 
Finished building: RTC_BUZZER.list
 

13:23:37 Build Finished. 0 errors, 0 warnings. (took 1s.625ms)

