00:05:16 **** Incremental Build of configuration Debug for project TIMER_0.6_To_0.4_ON_OFF ****
make -j12 all 
arm-none-eabi-gcc "../Core/Src/main.c" -mcpu=cortex-m4 -std=gnu11 -g3 -DDEBUG -DUSE_HAL_DRIVER -DSTM32F411xE -c -I../Core/Inc -I../Drivers/STM32F4xx_HAL_Driver/Inc -I../Drivers/STM32F4xx_HAL_Driver/Inc/Legacy -I../Drivers/CMSIS/Device/ST/STM32F4xx/Include -I../Drivers/CMSIS/Include -O0 -ffunction-sections -fdata-sections -Wall -fstack-usage -fcyclomatic-complexity -MMD -MP -MF"Core/Src/main.d" -MT"Core/Src/main.o" --specs=nano.specs -mfpu=fpv4-sp-d16 -mfloat-abi=hard -mthumb -o "Core/Src/main.o"
arm-none-eabi-gcc -o "TIMER_0.6_To_0.4_ON_OFF.elf" @"objects.list"   -mcpu=cortex-m4 -T"D:\CDAC\STM32_Practice\TIMERS\TIMER_0.6_To_0.4_ON_OFF\STM32F411RETX_FLASH.ld" --specs=nosys.specs -Wl,-Map="TIMER_0.6_To_0.4_ON_OFF.map" -Wl,--gc-sections -static --specs=nano.specs -mfpu=fpv4-sp-d16 -mfloat-abi=hard -mthumb -Wl,--start-group -lc -lm -Wl,--end-group
Finished building target: TIMER_0.6_To_0.4_ON_OFF.elf
 
arm-none-eabi-size  TIMER_0.6_To_0.4_ON_OFF.elf 
arm-none-eabi-objdump -h -S TIMER_0.6_To_0.4_ON_OFF.elf  > "TIMER_0.6_To_0.4_ON_OFF.list"
   text	   data	    bss	    dec	    hex	filename
  10272	     12	   1644	  11928	   2e98	TIMER_0.6_To_0.4_ON_OFF.elf
Finished building: default.size.stdout
 
Finished building: TIMER_0.6_To_0.4_ON_OFF.list
 

00:05:17 Build Finished. 0 errors, 0 warnings. (took 698ms)

