11:33:27 **** Incremental Build of configuration Debug for project Timers_2MIN_Interrupt ****
make -j12 all 
arm-none-eabi-gcc "../Core/Src/main.c" -mcpu=cortex-m4 -std=gnu11 -g3 -DDEBUG -DUSE_HAL_DRIVER -DSTM32F411xE -c -I../Core/Inc -I../Drivers/STM32F4xx_HAL_Driver/Inc -I../Drivers/STM32F4xx_HAL_Driver/Inc/Legacy -I../Drivers/CMSIS/Device/ST/STM32F4xx/Include -I../Drivers/CMSIS/Include -O0 -ffunction-sections -fdata-sections -Wall -fstack-usage -fcyclomatic-complexity -MMD -MP -MF"Core/Src/main.d" -MT"Core/Src/main.o" --specs=nano.specs -mfpu=fpv4-sp-d16 -mfloat-abi=hard -mthumb -o "Core/Src/main.o"
arm-none-eabi-gcc "../Core/Src/stm32f4xx_hal_msp.c" -mcpu=cortex-m4 -std=gnu11 -g3 -DDEBUG -DUSE_HAL_DRIVER -DSTM32F411xE -c -I../Core/Inc -I../Drivers/STM32F4xx_HAL_Driver/Inc -I../Drivers/STM32F4xx_HAL_Driver/Inc/Legacy -I../Drivers/CMSIS/Device/ST/STM32F4xx/Include -I../Drivers/CMSIS/Include -O0 -ffunction-sections -fdata-sections -Wall -fstack-usage -fcyclomatic-complexity -MMD -MP -MF"Core/Src/stm32f4xx_hal_msp.d" -MT"Core/Src/stm32f4xx_hal_msp.o" --specs=nano.specs -mfpu=fpv4-sp-d16 -mfloat-abi=hard -mthumb -o "Core/Src/stm32f4xx_hal_msp.o"
arm-none-eabi-gcc -o "Timers_2MIN_Interrupt.elf" @"objects.list"   -mcpu=cortex-m4 -T"D:\CDAC\STM32_Practice\TIMERS\Timers_2MIN_Interrupt\STM32F411RETX_FLASH.ld" --specs=nosys.specs -Wl,-Map="Timers_2MIN_Interrupt.map" -Wl,--gc-sections -static --specs=nano.specs -mfpu=fpv4-sp-d16 -mfloat-abi=hard -mthumb -Wl,--start-group -lc -lm -Wl,--end-group
Finished building target: Timers_2MIN_Interrupt.elf
 
arm-none-eabi-size  Timers_2MIN_Interrupt.elf 
arm-none-eabi-objdump -h -S Timers_2MIN_Interrupt.elf  > "Timers_2MIN_Interrupt.list"
   text	   data	    bss	    dec	    hex	filename
   9676	     12	   1644	  11332	   2c44	Timers_2MIN_Interrupt.elf
Finished building: default.size.stdout
 
Finished building: Timers_2MIN_Interrupt.list
 

11:33:31 Build Finished. 0 errors, 0 warnings. (took 4s.377ms)

