13:06:21 **** Incremental Build of configuration Debug for project UART_Commun_DMA ****
make -j12 all 
arm-none-eabi-gcc "../Core/Src/main.c" -mcpu=cortex-m4 -std=gnu11 -g3 -DDEBUG -DUSE_HAL_DRIVER -DSTM32F411xE -c -I../Core/Inc -I../Drivers/STM32F4xx_HAL_Driver/Inc -I../Drivers/STM32F4xx_HAL_Driver/Inc/Legacy -I../Drivers/CMSIS/Device/ST/STM32F4xx/Include -I../Drivers/CMSIS/Include -O0 -ffunction-sections -fdata-sections -Wall -fstack-usage -fcyclomatic-complexity -MMD -MP -MF"Core/Src/main.d" -MT"Core/Src/main.o" --specs=nano.specs -mfpu=fpv4-sp-d16 -mfloat-abi=hard -mthumb -o "Core/Src/main.o"
../Core/Src/main.c: In function 'main':
../Core/Src/main.c:80:17: warning: unused variable 'msg' [-Wunused-variable]
   80 |         uint8_t msg[10]={0};
      |                 ^~~
arm-none-eabi-gcc -o "UART_Commun_DMA.elf" @"objects.list"   -mcpu=cortex-m4 -T"D:\CDAC\STM32_Practice\DMA\UART_Commun_DMA\STM32F411RETX_FLASH.ld" --specs=nosys.specs -Wl,-Map="UART_Commun_DMA.map" -Wl,--gc-sections -static --specs=nano.specs -mfpu=fpv4-sp-d16 -mfloat-abi=hard -mthumb -Wl,--start-group -lc -lm -Wl,--end-group
Finished building target: UART_Commun_DMA.elf
 
arm-none-eabi-size  UART_Commun_DMA.elf 
arm-none-eabi-objdump -h -S UART_Commun_DMA.elf  > "UART_Commun_DMA.list"
   text	   data	    bss	    dec	    hex	filename
  11040	     12	   2100	  13152	   3360	UART_Commun_DMA.elf
Finished building: default.size.stdout
 
Finished building: UART_Commun_DMA.list
 

13:06:22 Build Finished. 0 errors, 1 warnings. (took 650ms)

