00:03:48 **** Incremental Build of configuration Debug for project Blink_Led_via_CommandUART ****
make -j12 all 
arm-none-eabi-gcc "../Core/Src/main.c" -mcpu=cortex-m4 -std=gnu11 -g3 -DDEBUG -DUSE_HAL_DRIVER -DSTM32F411xE -c -I../Core/Inc -I../Drivers/STM32F4xx_HAL_Driver/Inc -I../Drivers/STM32F4xx_HAL_Driver/Inc/Legacy -I../Drivers/CMSIS/Device/ST/STM32F4xx/Include -I../Drivers/CMSIS/Include -O0 -ffunction-sections -fdata-sections -Wall -fstack-usage -fcyclomatic-complexity -MMD -MP -MF"Core/Src/main.d" -MT"Core/Src/main.o" --specs=nano.specs -mfpu=fpv4-sp-d16 -mfloat-abi=hard -mthumb -o "Core/Src/main.o"
arm-none-eabi-gcc -o "Blink_Led_via_CommandUART.elf" @"objects.list"   -mcpu=cortex-m4 -T"D:\CDAC\STM32_Practice\UART\Blink_Led_via_CommandUART\STM32F411RETX_FLASH.ld" --specs=nosys.specs -Wl,-Map="Blink_Led_via_CommandUART.map" -Wl,--gc-sections -static --specs=nano.specs -mfpu=fpv4-sp-d16 -mfloat-abi=hard -mthumb -Wl,--start-group -lc -lm -Wl,--end-group
Finished building target: Blink_Led_via_CommandUART.elf
 
arm-none-eabi-size  Blink_Led_via_CommandUART.elf 
arm-none-eabi-objdump -h -S Blink_Led_via_CommandUART.elf  > "Blink_Led_via_CommandUART.list"
   text	   data	    bss	    dec	    hex	filename
   8612	     12	   1644	  10268	   281c	Blink_Led_via_CommandUART.elf
Finished building: default.size.stdout
 
Finished building: Blink_Led_via_CommandUART.list
 

00:03:49 Build Finished. 0 errors, 0 warnings. (took 815ms)

